{
  "portal_URL": "https://www.demoblaze.com/",
  "homePageHeader_Text": "PRODUCT STORE",
  "homeTap_Text": "Home ",
  "contact_Text": "Contact",
  "aboutUs_Text": "About us",
  "cart_Text": "Cart",
  "logIn_Text": "Log in",
  "logOut_Text": "Log in",
  "signUp_Text": "Select Interests",
  "welcomeNameOfUser_Text": "Welcome",
  "signUpConfirmationText": "Sign up successful."
}