{
  "portal_URL": "https://www.demoblaze.com/",
  "homePageHeader_Text": "PRODUCT STORE",
  "homeTap_Text": "Home ",
  "contact_Text": "Contact",
  "aboutUs_Text": "About us",
  "cart_Text": "Cart",
  "logIn_Text": "Log in",
  "logOut_Text": "Log in",
  "signUp_Text": "Select Interests",
  "welcomeNameOfUser_Text": "Welcome",













  "skip_Button": "SKIP",
  "go_Button": "Go",
  "onBoarding_Card_Title_3": "My Space: your personal place to chill & check-in",
  "onBoarding_Card_Description_3": "Here is where you can get creative and discover more about what is important to you.",
  "onBoarding_Card_Title_4": "Need to talk now?",
  "onBoarding_Card_Description_4": "Whatever your worry, there is someone you can talk or chat to right now ",
  "onBoarding_Card_Button_Component": "Yup!"
}